set grammar to oracle;
--删除检查约束
create table alterconsttbl(id integer unique, name char(10), constraint cons_name check( name in('a','b','c')));
alter table alterconsttbl drop constraint cons_name;
drop table alterconsttbl;
--删除外键约束
create table alterconsttbl(id integer primary key,name char(10));
create table alterconsttbl2(id int primary key, job varchar(10), constraint fk FOREIGN KEY(id) REFERENCES alterconsttbl(id));
alter table alterconsttbl2 drop constraint fk;
drop table alterconsttbl;
drop table alterconsttbl2;
--增加检查约束
create table alterconsttbl(id integer unique,name char(10));
alter table alterconsttbl add constraint cons_name check( name in('a','b','c'));
drop table alterconsttbl;
--删除主键约束
create table alterconsttbl(id integer primary key,name char(10));
alter table alterconsttbl drop primary key;
ERROR:  syntax error at or near "key"
LINE 1: alter table alterconsttbl drop primary key;
                                               ^
drop table alterconsttbl;
create table alterconsttbl(id integer,name char(10),constraint pkk primary key(id));
alter table alterconsttbl drop constraint pkk;
drop table alterconsttbl;
