set grammar to oracle;
select nvl(1.4,4.8) from dual;
 NVL(1.4,4.8)  
---------------
           1.4
(1 row)

select nvl(4,5) from dual;
 NVL(4,5)  
-----------
         4
(1 row)

select nvl(1.4,4) from dual;
 NVL(1.4,4)  
-------------
         1.4
(1 row)

select nvl(4,4.8) from dual;
 NVL(4,4.8)  
-------------
           4
(1 row)

select nvl(exp(2),4.8) from dual;
  NVL(EXP(2),4.8)   
--------------------
 7.3890560989306502
(1 row)

select nvl(exp(2),exp(3)) from dual;
 NVL(EXP(2),EXP(3))  
---------------------
  7.3890560989306502
(1 row)

select nvl('3',exp(4)) from dual;
 NVL('3',EXP(4))  
------------------
 3
(1 row)

select nvl('s',exp(4)) from dual;
 NVL('S',EXP(4))  
------------------
 s
(1 row)

select nvl(exp(4),'s') from dual;
ERROR:  invalid input syntax for type numeric: "s"
select nvl(exp(4),'3') from dual;
  NVL(EXP(4),'3')   
--------------------
 54.598150033144239
(1 row)

select nvl('',4) from dual;
 NVL('',4)  
------------
 4
(1 row)

select nvl(null,4) from dual;
 NVL(NULL,4)  
--------------
 4
(1 row)

select nvl('','') from dual;
 NVL('','')  
-------------
 
(1 row)

select nvl(4,'') from dual;
 NVL(4,'')  
------------
 4
(1 row)

select nvl(null,null) from dual;
 NVL(NULL,NULL)  
-----------------
 
(1 row)

select nvl(null,'') from dual;
 NVL(NULL,'')  
---------------
 
(1 row)

create table test(id int,num float);
insert into test values(1,null);
insert into test values(2,3.14);
insert into test values(3,nvl(null,4.14));
select * from test order by id;
 ID | NUM  
----+------
  1 |     
  2 | 3.14
  3 | 4.14
(3 rows)

select nvl(num,3.13) from test order by num;
 NVL(NUM,3.13)  
----------------
           3.14
           4.14
           3.13
(3 rows)

update test set num=nvl(num,2.22);
select * from test order by id;
 ID | NUM  
----+------
  1 | 2.22
  2 | 3.14
  3 | 4.14
(3 rows)

drop table test;
