set grammar to oracle;
--加号	
select 1+1-2 from dual;
 ?COLUMN? 
----------
        0
(1 row)

select 2+1.78-2.1 from dual;
 ?COLUMN? 
----------
     1.68
(1 row)

select 1+'1.0' from dual;
 ?COLUMN? 
----------
        2
(1 row)

select '1'+'1.0' from dual;
 ?COLUMN? 
----------
        2
(1 row)

select '1'+'1' from dual;
 ?COLUMN? 
----------
        2
(1 row)

select 1+to_char(1) from dual;
 ?COLUMN? 
----------
        2
(1 row)

select to_char(1)+to_char(1.2) from dual;
 ?COLUMN? 
----------
      2.2
(1 row)

select 1+to_char(1) from dual;
 ?COLUMN? 
----------
        2
(1 row)

create table t4test(id number,name varchar2(3),ad char(3));
insert into t4test values(1,'1.0','1');
select 1+name from t4test;
 ?COLUMN? 
----------
        2
(1 row)

select 1+ad from t4test;
 ?COLUMN? 
----------
        2
(1 row)

drop table t4test;
select 1 + '1.0'::varchar2(3) from dual;
 ?COLUMN? 
----------
        2
(1 row)

select 1 + '1'::char(3) from dual;
 ?COLUMN? 
----------
        2
(1 row)

select to_number(1)+'1' from dual;
 ?COLUMN? 
----------
        2
(1 row)

select 1.0::binary_float+'1' from dual;
 ?COLUMN? 
----------
        2
(1 row)

select 1.0::float(4)+'1' from dual;	
 ?COLUMN? 
----------
        2
(1 row)

select to_char(to_date('2014-07-15','YYYY-MM-DD')+numtoyminterval(3,'month'),'yyyy-mm') from dual;
 TO_CHAR(TO_DATE('2014-07-15','YYYY-MM-DD')+NUMTOYMINTERVAL(3,'MONTH'),'YYYY-MM')  
-----------------------------------------------------------------------------------
 2014-10
(1 row)

select to_char(numtoyminterval(3,'year') - numtoyminterval(3,'month'),'yyyy-mm') from dual;
 TO_CHAR(NUMTOYMINTERVAL(3,'YEAR') - NUMTOYMINTERVAL(3,'MONTH'),'YYYY-MM')  
----------------------------------------------------------------------------
 0002-09
(1 row)

--减	
select 1-'1' from dual;
 ?COLUMN? 
----------
        0
(1 row)

select 1-'1.0' from dual;
 ?COLUMN? 
----------
        0
(1 row)

select '1'-'1.0' from dual;
 ?COLUMN? 
----------
        0
(1 row)

select '1'-'1' from dual;
 ?COLUMN? 
----------
        0
(1 row)

select 1-to_char(1) from dual;
 ?COLUMN? 
----------
        0
(1 row)

select to_char(1)-to_char(1.2) from dual;
 ?COLUMN? 
----------
     -0.2
(1 row)

select 1-to_char(1) from dual;
 ?COLUMN? 
----------
        0
(1 row)

select to_number(1)-'1' from dual;
 ?COLUMN? 
----------
        0
(1 row)

select 1.0::binary_float-'1' from dual;
 ?COLUMN? 
----------
        0
(1 row)

select 1.0::float(4)-'1' from dual;
 ?COLUMN? 
----------
        0
(1 row)

--乘			
select 1*'1' from dual;
 ?COLUMN? 
----------
        1
(1 row)

select 1*'1.0' from dual;
 ?COLUMN? 
----------
        1
(1 row)

select '1'*'1.0' from dual;
 ?COLUMN? 
----------
        1
(1 row)

select '1'*'1' from dual;
 ?COLUMN? 
----------
        1
(1 row)

select 1*to_char(1) from dual;
 ?COLUMN? 
----------
        1
(1 row)

select to_char(1)*to_char(1.2) from dual;
 ?COLUMN? 
----------
      1.2
(1 row)

select 1*to_char(1) from dual;
 ?COLUMN? 
----------
        1
(1 row)

select 1 *'1.0'::varchar2(3) from dual;
 ?COLUMN? 
----------
        1
(1 row)

select 1 * '1'::char(3) from dual;
 ?COLUMN? 
----------
        1
(1 row)

select to_number(1)*'1' from dual;
 ?COLUMN? 
----------
        1
(1 row)

select 1.0::binary_float*'1' from dual;
 ?COLUMN? 
----------
        1
(1 row)

select 1.0::float(4)*'1' from dual;
 ?COLUMN? 
----------
        1
(1 row)

select to_number(1)*'1' from dual;
 ?COLUMN? 
----------
        1
(1 row)

--除
select to_number(1)/'1' from dual;
 ?COLUMN? 
----------
        1
(1 row)

select to_number(5)/to_number(2) from dual;
 ?COLUMN? 
----------
      2.5
(1 row)

select to_number(5)/'2' from dual;
 ?COLUMN? 
----------
      2.5
(1 row)

select 1.0::binary_float/'1' from dual;
 ?COLUMN? 
----------
        1
(1 row)

select 1.0::float(4)/'1' from dual;
 ?COLUMN? 
----------
        1
(1 row)

select 1/'1' from dual;
 ?COLUMN? 
----------
        1
(1 row)

select 1/'1.0' from dual;
 ?COLUMN? 
----------
        1
(1 row)

select '1'/'1.0' from dual;
 ?COLUMN? 
----------
        1
(1 row)

select '1'/'1' from dual;
 ?COLUMN? 
----------
        1
(1 row)

select 1/to_char(1) from dual;
 ?COLUMN? 
----------
        1
(1 row)

select to_char(1)/to_char(1.2) from dual;
        ?COLUMN?        
------------------------
 0.83333333333333333333
(1 row)

select 1/to_char(1) from dual;
 ?COLUMN? 
----------
        1
(1 row)

select 1/'1.0'::varchar2(3) from dual;
 ?COLUMN? 
----------
        1
(1 row)

select 1/'1'::char(3) from dual;
 ?COLUMN? 
----------
        1
(1 row)

--比较运算符	
create table t4test(id number, name varchar2(3));
insert into t4test values(1,'1.0');
select * from t4test where name = 1;
 ID | NAME 
----+------
  1 | 1.0
(1 row)

drop table t4test;
select 'equal' from dual where 1>=1.0::varchar(3);
 ?COLUMN? 
----------
 equal
(1 row)

select 'equal' from dual where 1>=to_char(1.0);
 ?COLUMN? 
----------
 equal
(1 row)

select 'equal' from dual where 1>='1.0';
 ?COLUMN? 
----------
 equal
(1 row)

select 'equal' from dual where 1>=1::varchar(3);
 ?COLUMN? 
----------
 equal
(1 row)

select 'equal' from dual where 1>=1::char(3);
 ?COLUMN? 
----------
 equal
(1 row)

create table t4test(id number,job varchar(10));
insert into t4test values(1,'IT');
insert into t4test values(2,'doctor');
insert into t4test values(3,'teacher');
insert into t4test values(6,'');
create table aa(id char,avgm number);
insert into aa values(1.00,10000);
insert into aa values(2,5000);
insert into aa values(4,9000);
insert into aa values(5,null);
select * from t4test where id > all(select id from aa);
 ID | JOB 
----+-----
  6 | 
(1 row)

drop table t4test;
drop table aa;
--between and		
select 1 from dual where 3 between to_char(2) and to_char(5);
 ?COLUMN? 
----------
        1
(1 row)

select 1 from dual where 3 between 2.0::char(5) and 5.0::varchar(5);
 ?COLUMN? 
----------
        1
(1 row)

select 1 from dual where 3 between '2.0' and '5.0';
 ?COLUMN? 
----------
        1
(1 row)

select 1 from dual where to_char(3) between '2.0' and to_char(5);
 ?COLUMN? 
----------
        1
(1 row)

select 1 from dual where to_char(3) between to_char(2) and to_char(5);
 ?COLUMN? 
----------
        1
(1 row)

select 1 from dual where 3.0 between '2.0' and '5.0';
 ?COLUMN? 
----------
        1
(1 row)

select 'equal' from dual where 1=1::number(2);
 ?COLUMN? 
----------
 equal
(1 row)

select 'equal' from dual where 1=1.0::number(3,2);
 ?COLUMN? 
----------
 equal
(1 row)

select 'equal' from dual where 1=1.0::binary_float;
 ?COLUMN? 
----------
 equal
(1 row)

--||	
select 1||2 as result from dual;
 RESULT 
--------
 12
(1 row)

select 1.0||2.0 as result from dual;
 RESULT 
--------
 12
(1 row)

select to_number(1.20)||to_number(2.0) as result from dual;
 RESULT 
--------
 1.22
(1 row)

select 1.00::binary_double||2.00::binary_double as result from dual;
 RESULT 
--------
 12
(1 row)

select 1||to_char('2') as result from dual;
 RESULT 
--------
 12
(1 row)

select 1.0||to_char('2') as result from dual;
 RESULT 
--------
 12
(1 row)

select to_char(1.0)||to_char(2.0) as result from dual;
 RESULT 
--------
 12
(1 row)

select to_char(1.00)||to_char('b') as result from dual;
 RESULT 
--------
 1b
(1 row)

select 1||'2' as result from dual;
 RESULT 
--------
 12
(1 row)

select '1'||'2' as result from dual;
 RESULT 
--------
 12
(1 row)

select to_char(1)||to_char(2) as result from dual;
 RESULT 
--------
 12
(1 row)

select to_char('1.0')||to_char('2.0') as result from dual;
 RESULT 
--------
 1.02.0
(1 row)

select to_char('a')||to_char('b') as result from dual;
 RESULT 
--------
 ab
(1 row)

select to_char(1)||to_char('b') as result from dual;
 RESULT 
--------
 1b
(1 row)

