set grammar to oracle;
CREATE TABLE t4test (id int,name varchar,salary int,dep varchar);
insert into t4test values(1,'xu',12000,'a1');
insert into t4test values(2,'zhang',12500,'a2');
insert into t4test values(3,'li',13500,'a1');
insert into t4test values(4,'lin',13500,'a3');
insert into t4test values(5,'xu',23456,'a1');
insert into t4test values(6,'zha0',12500,'a1');
insert into t4test values(7,'xiao',13500,'a2');
insert into t4test values(8,'yang',23500,'a3');
SELECT dep, 
	max(salary) KEEP (DENSE_RANK last ORDER BY salary) "max" 
	FROM t4test GROUP BY dep ORDER BY dep;
 DEP |  max  
-----+-------
 a1  | 23456
 a2  | 13500
 a3  | 23500
(3 rows)

/*
SELECT name, dep, salary, 
	max(salary) KEEP (DENSE_RANK last ORDER BY salary) 
	OVER (PARTITION BY department_id) "max" 
	FROM t4test
	ORDER BY dep, salary, name;
*/
drop table t4test;
