set grammar to oracle;
--select lpad('~！@#￥%er', 20) from dual;
--select lpad('你好', 5) from dual;
select lpad('cd  ae',5) from dual;
 lpad  
-------
 cd  a
(1 row)

select lpad(to_char(45), 5) from dual;
 lpad  
-------
    45
(1 row)

select lpad(3.545, 5) from dual;
 lpad  
-------
 3.545
(1 row)

select lpad(4, 5) from dual;
 lpad  
-------
     4
(1 row)

select lpad('a','4') from dual;
 lpad 
------
    a
(1 row)

select lpad('a','4.84') from dual;
 lpad 
------
    a
(1 row)

select lpad('abcdegf',3) from dual;
 lpad 
------
 abc
(1 row)

--select lpad('你好', 3) from dual;
select lpad('abcdegf',tan(1)) from dual;
 lpad 
------
 a
(1 row)

--select lpad('abcdegf',100*100) from dual;
select lpad('abc',-2) from dual;
 lpad 
------
 
(1 row)

select lpad('abc',5,'*') from dual;
 lpad  
-------
 **abc
(1 row)

select lpad('abc',5,'123456') from dual;
 lpad  
-------
 12abc
(1 row)

select lpad('abc',5,' ') from dual;
 lpad  
-------
   abc
(1 row)

select lpad('abc',5,6) from dual;
 lpad  
-------
 66abc
(1 row)

select lpad('abc',5,1.6) from dual;
 lpad  
-------
 1.abc
(1 row)

select lpad('abc',5,to_char(2)) from dual;
 lpad  
-------
 22abc
(1 row)

select lpad('abc',5,to_number(2)) from dual;
 lpad  
-------
 22abc
(1 row)

select lpad('abc',5,3*2) from dual;
 lpad  
-------
 66abc
(1 row)

select lpad('abc',5,tan(2)) from dual;
 lpad  
-------
 -2abc
(1 row)

--select lpad('abc',5,'你好') from dual;
select lpad('',null) from dual;
 lpad 
------
 
(1 row)

select lpad(null,null,'') from dual;
 lpad 
------
 
(1 row)

