set grammar to oracle;
SELECT regexp_instr('abc1def', '[[:digit:]]',1,1,1) output  from dual;
 OUTPUT 
--------
      5
(1 row)

SELECT regexp_instr('abc1def', '[[:digit:]]',1,1,0) output  from dual;
 OUTPUT 
--------
      4
(1 row)

SELECT regexp_instr('abc1def', '[[:digit:]]',1,1,'0') output  from dual;
 OUTPUT 
--------
      4
(1 row)

SELECT regexp_instr('abc1def', '[[:digit:]]',1,1,1.9) output  from dual;
 OUTPUT 
--------
      5
(1 row)

SELECT regexp_instr('abc1def', '[[:digit:]]',1,1,to_number('1')) output  from dual;
 OUTPUT 
--------
      5
(1 row)

SELECT regexp_instr('abc1def', '[[:digit:]]',1,1,to_char(1)) output  from dual;
 OUTPUT 
--------
      5
(1 row)

SELECT regexp_instr('abc1def', '[[:digit:]]',1,1,tan(1)) output  from dual;
 OUTPUT 
--------
      5
(1 row)

SELECT regexp_instr('abc1def', '[[:digit:]]',1,1,100) output  from dual;
 OUTPUT 
--------
      5
(1 row)

SELECT regexp_instr('abc1def', '[[:digit:]]',1,1,100) output  from dual;
 OUTPUT 
--------
      5
(1 row)

SELECT regexp_instr('abc1def2', '[[:digit:]]',1,2) output  from dual;
 OUTPUT 
--------
      8
(1 row)

SELECT regexp_instr('abc1def2', '[[:digit:]]',1,'1') output  from dual;
 OUTPUT 
--------
      4
(1 row)

SELECT regexp_instr('abc1def2', '[[:digit:]]',1,to_number(2)) output  from dual;
 OUTPUT 
--------
      8
(1 row)

SELECT regexp_instr('abc1def2', '[[:digit:]]',1,2.1) output  from dual;
 OUTPUT 
--------
      8
(1 row)

SELECT regexp_instr('abc1def2', '[[:digit:]]',1,to_char(1)) output  from dual;
 OUTPUT 
--------
      4
(1 row)

SELECT regexp_instr('abc1def2', '[[:digit:]]',1,power(2,1)) output  from dual;
 OUTPUT 
--------
      8
(1 row)

SELECT regexp_instr('abc1def2', '[[:digit:]]',4) output  from dual;
 OUTPUT 
--------
      4
(1 row)

SELECT regexp_instr('abc1def2', '[[:digit:]]',5) output  from dual;
 OUTPUT 
--------
      8
(1 row)

SELECT regexp_instr('abc1def2', '[[:digit:]]',1000000) output  from dual;
 OUTPUT 
--------
      0
(1 row)

SELECT regexp_instr('abc1def2', '[[:digit:]]','5') output  from dual;
 OUTPUT 
--------
      8
(1 row)

SELECT regexp_instr('abc1def2', '[[:digit:]]',5.5) output  from dual;
 OUTPUT 
--------
      8
(1 row)

SELECT regexp_instr('abc1def2', '[[:digit:]]',to_char(5)) output  from dual;
 OUTPUT 
--------
      8
(1 row)

SELECT regexp_instr('abc1def2', '[[:digit:]]',power(5,1)) output  from dual;
 OUTPUT 
--------
      8
(1 row)

SELECT regexp_instr('abc1def2', '[[:digit:]]D',1,1,1,'i') output  from dual;
 OUTPUT 
--------
      6
(1 row)

SELECT regexp_instr('abc1def2', '[[:digit:]]D',1,1,1,'c') output  from dual;
 OUTPUT 
--------
      0
(1 row)

SELECT regexp_instr('abc1
def2', '[[:digit:]].d',1,1,1,'n') output  from dual;
 OUTPUT 
--------
      7
(1 row)

SELECT regexp_instr('abc1
def2', '[[:digit:]].d',1,1,0,'xic') output  from dual;
 OUTPUT 
--------
      0
(1 row)

SELECT regexp_instr('abc1def2', '[[:digit:]] d',1,1,0,'x') output  from dual;
 OUTPUT 
--------
      4
(1 row)

select regexp_instr('abcxxx#%
adfbc','^a',1,2,0,'m') from dual;
 REGEXP_INSTR('ABCXXX#%ADFBC','^A',1,2,0,'M') 
----------------------------------------------
                                           10
(1 row)

select regexp_instr('abcxxx#%
adfbc','^a',1,2,0,'n') from dual;
 REGEXP_INSTR('ABCXXX#%ADFBC','^A',1,2,0,'N') 
----------------------------------------------
                                            0
(1 row)

select regexp_instr('abcxxx#%
adfbc','^a',1,2,0,'i') from dual;
 REGEXP_INSTR('ABCXXX#%ADFBC','^A',1,2,0,'I') 
----------------------------------------------
                                            0
(1 row)

select regexp_instr('abcxxx#%
adfbc','^a',1,2,0,'x') from dual;
 REGEXP_INSTR('ABCXXX#%ADFBC','^A',1,2,0,'X') 
----------------------------------------------
                                            0
(1 row)

select regexp_instr('abcxxx#%
adfbc','^a',1,2,0,'c') from dual;
 REGEXP_INSTR('ABCXXX#%ADFBC','^A',1,2,0,'C') 
----------------------------------------------
                                            0
(1 row)

SELECT REGEXP_INSTR(123456, 123, 1, 1, 0) 
REGEXP_INSTR FROM DUAL;
 REGEXP_INSTR 
--------------
            1
(1 row)

SELECT REGEXP_INSTR(to_date('2016-01-31','yyyy-mm-dd'), '31', 1, 1, 0) 
REGEXP_INSTR FROM DUAL;
 REGEXP_INSTR 
--------------
            9
(1 row)

SELECT REGEXP_INSTR(to_timestamp('2016-01-31','yyyy-mm-dd'), '31', 1, 1, 0) 
REGEXP_INSTR FROM DUAL;
 REGEXP_INSTR 
--------------
            9
(1 row)

SELECT REGEXP_INSTR(numtoyminterval(10,'year'), '10', 1, 1, 0) 
REGEXP_INSTR FROM DUAL;
 REGEXP_INSTR 
--------------
            3
(1 row)

SELECT REGEXP_INSTR('1234567890', '(123)(4(56)(78))', 1, 1, 0, 'i', 4) 
REGEXP_INSTR FROM DUAL;
 REGEXP_INSTR 
--------------
            7
(1 row)

SELECT REGEXP_INSTR('1234567890', '(123)(4(56)(78))', 1, 1, 0, 'i', 1) 
REGEXP_INSTR FROM DUAL;
 REGEXP_INSTR 
--------------
            1
(1 row)

SELECT REGEXP_INSTR('1234567890', '(123)(4(56)(78))', 1, 1, 0, 'i', 9) 
REGEXP_INSTR FROM DUAL;
 REGEXP_INSTR 
--------------
            0
(1 row)

SELECT REGEXP_INSTR('1234567890', '(123)(4(56)(78))', 1, 1, 1, 'i', 0) 
REGEXP_INSTR FROM DUAL;
 REGEXP_INSTR 
--------------
            9
(1 row)

SELECT REGEXP_INSTR('1234567890', '(123)(4(56)(78))', 1, 1, 1, 'i', 4.5) 
REGEXP_INSTR FROM DUAL;
 REGEXP_INSTR 
--------------
            0
(1 row)

SELECT REGEXP_INSTR('1234567890', '(123)(4(56)(78))', 1, 1, 1, 'i', to_char(4)) 
REGEXP_INSTR FROM DUAL;
 REGEXP_INSTR 
--------------
            9
(1 row)

SELECT REGEXP_INSTR('1234567890', '(123)(4(56)(78))', 1, 1, 1, 'i', power(2,2)) 
REGEXP_INSTR FROM DUAL;
 REGEXP_INSTR 
--------------
            9
(1 row)

SELECT REGEXP_INSTR('1234567890', '(123)(4(56)(78))', 1, 1, 1, 'i', '4') 
REGEXP_INSTR FROM DUAL;
 REGEXP_INSTR 
--------------
            9
(1 row)

SELECT REGEXP_INSTR('1234567890abcdefg', '(1)(2)(3)(4)(5)(6)(7)(8)(9)(0)(a)(b)', 1, 1, 1, 'i', 10) 
REGEXP_INSTR FROM DUAL;
ERROR:  Invalid "subexpr" value (10) for "regexp_instr"
HINT:  "subexpr" must be a nonnegative integer from 0 to 9
SELECT REGEXP_INSTR('', '', 1, 1, 0) 
REGEXP_INSTR FROM DUAL;
 REGEXP_INSTR 
--------------
             
(1 row)

SELECT REGEXP_INSTR(null, null, 1, 1, 0) 
REGEXP_INSTR FROM DUAL;
 REGEXP_INSTR 
--------------
             
(1 row)

